0 168.431250 2.928784 474.735937 119.422500
1 167.631696 2.955198 477.224330 118.096875
2 177.796875 1.059624 469.945312 131.053125
3 177.000000 0.000000 464.343750 131.025000
4 183.000000 0.000000 471.046875 136.912500
5 186.000000 0.000000 465.375000 141.300000
6 182.671875 0.620098 470.250000 136.659375
7 186.000000 0.000000 475.687500 139.650000
8 187.875000 10.439558 488.578125 139.762500
9 187.828125 10.178569 483.140625 140.578125
10 187.500000 0.000000 483.164062 140.193750
11 185.531250 9.810659 482.367188 138.037500
12 181.500000 0.000000 471.539062 135.093750
13 181.500000 0.000000 477.750000 134.100000
14 180.000000 0.000000 461.718750 134.925000
15 182.484375 0.712438 468.421875 136.734375
16 183.000000 0.000000 480.070312 135.468750
17 183.000000 0.000000 471.398438 136.856250
18 180.046875 0.260989 476.648438 132.590625
19 185.203125 0.917362 483.796875 137.428125
20 172.617188 10.785911 475.107422 124.218750
21 177.000000 0.000000 475.476562 129.243750
22 180.140625 0.437221 471.117188 133.584375
23 174.000000 0.000000 468.843750 126.825000
24 178.734375 9.656591 -nan -nan
25 177.000000 0.000000 454.851562 132.543750
26 177.000000 0.000000 459.187500 131.850000
27 177.000000 0.000000 465.750000 130.800000
28 182.296875 10.920064 480.421875 134.596875
29 186.000000 0.000000 474.281250 139.875000
30 180.000000 0.000000 488.085938 130.706250
31 180.000000 0.000000 479.062500 132.150000
32 180.000000 0.000000 461.484375 134.962500
33 181.500000 9.985145 464.039062 136.293750
34 180.000000 0.000000 467.578125 133.987500
35 186.000000 0.000000 467.835938 140.906250
36 183.000000 0.000000 476.085938 136.106250
37 180.140625 0.437221 467.718750 134.128125
38 183.000000 0.000000 471.984375 136.762500
39 182.671875 0.620098 474.585938 135.965625
40 177.000000 0.000000 451.804688 133.031250
41 181.734375 9.656591 460.992188 137.053125
42 177.000000 0.000000 466.570312 130.668750
43 180.000000 0.000000 467.109375 134.062500
44 189.000000 0.000000 479.390625 142.537500
45 184.500000 0.000000 475.242188 137.981250
46 180.046875 0.260989 469.734375 133.696875
47 186.000000 0.000000 473.929688 139.931250
48 180.328125 0.620098 465.093750 134.765625
49 180.093750 0.363092 468.023438 134.025000
50 183.000000 0.000000 483.468750 134.925000
51 186.000000 0.000000 480.843750 138.825000
52 177.281250 0.695269 466.148438 131.062500
53 177.000000 0.000000 460.828125 131.587500
54 174.000000 0.000000 460.875000 128.100000
55 177.890625 0.736698 465.234375 131.915625
56 187.500000 0.000000 476.953125 141.187500
57 182.109375 0.736698 462.773438 137.203125
58 183.000000 0.000000 467.765625 137.437500
59 185.906250 0.363092 472.078125 140.118750
60 185.203125 10.398963 475.593750 138.740625
61 183.000000 0.000000 459.914062 138.693750
62 183.000000 0.000000 472.687500 136.650000
63 183.046875 0.260989 466.289062 137.728125
64 173.737500 1.617289 453.182812 129.026250
65 177.000000 0.000000 454.382812 132.618750
66 171.987500 1.068805 459.323437 126.013750
67 177.046875 0.260989 457.945312 132.103125
68 181.161290 0.627168 -nan -nan
69 180.000000 0.000000 471.445312 133.368750
70 183.000000 0.000000 473.859375 136.462500
71 183.000000 0.000000 478.429688 135.731250
