0 167.437500 2.946794 384.703125 132.675000
1 165.890625 2.182080 390.421875 129.965625
2 177.093750 0.363092 384.867188 143.850000
3 177.000000 0.000000 378.093750 144.825000
4 183.000000 0.000000 385.148438 150.656250
5 186.000000 0.000000 375.140625 155.737500
6 183.000000 0.000000 382.921875 151.012500
7 186.000000 0.000000 387.914062 153.693750
8 186.000000 0.000000 384.867188 154.181250
9 186.000000 0.000000 393.070312 152.868750
10 187.546875 0.260989 396.492188 154.115625
11 185.296875 6.934807 392.484375 152.146875
12 181.500000 0.000000 382.125000 149.400000
13 181.500000 0.000000 387.515625 148.537500
14 180.000000 0.000000 376.171875 148.612500
15 182.718750 0.585469 381.937500 150.843750
16 183.000000 0.000000 390.304688 149.831250
17 183.000000 0.000000 383.976562 150.843750
18 180.140625 0.437221 387.328125 146.990625
19 184.921875 0.674414 391.875000 151.809375
20 166.785937 0.969474 385.914844 131.725313
21 177.000000 0.000000 386.179688 143.531250
22 180.515625 0.712438 382.546875 148.190625
23 174.093750 0.363092 381.164062 140.962500
24 177.000000 0.000000 362.156250 147.375000
25 177.000000 0.000000 365.437500 146.850000
26 177.000000 0.000000 370.710938 146.006250
27 177.000000 0.000000 376.570312 145.068750
28 181.078125 0.771660 389.203125 147.778125
29 186.000000 0.000000 392.484375 152.962500
30 180.093750 0.363092 398.414062 145.162500
31 180.000000 0.000000 391.054688 146.231250
32 180.000000 0.000000 373.125000 149.100000
33 180.000000 0.000000 371.367188 149.381250
34 180.000000 0.000000 378.515625 148.237500
35 186.000000 0.000000 378.890625 155.137500
36 183.000000 0.000000 387.140625 150.337500
37 180.234375 0.544638 377.343750 148.696875
38 183.000000 0.000000 385.382812 150.618750
39 183.000000 0.000000 383.273438 150.956250
40 177.000000 0.000000 366.960938 146.606250
41 180.000000 0.000000 371.953125 149.287500
42 177.000000 0.000000 377.859375 144.862500
43 180.000000 0.000000 380.742188 147.881250
44 189.000000 0.000000 392.671875 156.412500
45 184.500000 0.000000 389.695312 151.668750
46 182.250000 0.838525 381.468750 150.375000
47 186.000000 0.000000 387.796875 153.712500
48 180.187500 0.496078 375.421875 148.950000
49 180.328125 0.620098 379.429688 148.471875
50 183.281250 0.585469 391.523438 149.962500
51 186.000000 0.000000 389.085938 153.506250
52 177.656250 0.987718 378.398438 145.537500
53 177.000000 0.000000 373.523438 145.556250
54 174.000000 0.000000 373.687500 142.050000
55 178.171875 0.620098 379.265625 145.996875
56 187.546875 0.260989 385.828125 155.821875
57 181.968750 0.695269 370.289062 151.837500
58 183.000000 0.000000 378.937500 151.650000
59 186.000000 0.000000 382.406250 154.575000
60 183.609375 0.736698 373.319196 153.255804
61 183.000000 0.000000 372.375000 152.700000
62 183.000000 0.000000 384.328125 150.787500
63 183.000000 0.000000 380.695312 151.368750
64 171.053125 2.272249 373.303125 138.693125
65 177.000000 0.000000 373.054688 145.631250
66 171.671875 0.956959 377.062500 138.809375
67 177.093750 0.363092 372.679688 145.800000
68 180.435484 0.680867 -nan -nan
69 180.000000 0.000000 384.609375 147.262500
70 183.000000 0.000000 387.023438 150.356250
71 183.046875 0.260989 391.054688 149.765625
