0 168.375000 2.976470 429.000000 126.675000
1 166.667411 2.864311 433.202009 124.021875
2 178.031250 0.874442 425.765625 138.393750
3 177.000000 0.000000 422.156250 137.775000
4 183.000000 0.000000 426.632812 144.018750
5 186.000000 0.000000 421.078125 148.387500
6 181.734375 0.544638 427.476562 142.415625
7 186.000000 0.000000 431.625000 146.700000
8 186.000000 0.000000 430.335938 146.906250
9 186.000000 0.000000 434.320312 146.268750
10 187.500000 0.000000 438.281250 147.375000
11 184.875000 8.309445 437.062500 144.525000
12 181.500000 0.000000 425.601562 142.443750
13 181.453125 0.260989 431.296875 141.478125
14 180.000000 0.000000 419.414062 141.693750
15 182.156250 0.833268 423.445312 143.550000
16 183.000000 0.000000 435.773438 142.556250
17 183.000000 0.000000 425.695312 144.168750
18 180.000000 0.000000 430.898438 139.856250
19 184.359375 1.206974 439.359375 143.559375
20 169.654687 8.482172 428.750391 128.199375
21 177.000000 0.000000 430.828125 136.387500
22 180.468750 0.695269 423.867188 141.525000
23 174.000000 0.000000 421.098214 134.464286
24 177.000000 0.000000 406.804688 140.231250
25 177.000000 0.000000 412.546875 139.312500
26 177.000000 0.000000 414.656250 138.975000
27 177.046875 0.260989 420.093750 138.159375
28 181.687500 8.598465 438.679688 140.568750
29 186.000000 0.000000 432.328125 146.587500
30 180.046875 0.260989 442.664062 138.028125
31 180.000000 0.000000 435.117188 139.181250
32 180.000000 0.000000 419.179688 141.731250
33 179.953125 0.260989 415.500000 142.265625
34 180.000000 0.000000 421.757812 141.318750
35 186.000000 0.000000 422.601562 148.143750
36 183.000000 0.000000 432.492188 143.081250
37 180.281250 0.585469 422.507812 141.525000
38 183.000000 0.000000 430.851562 143.343750
39 183.000000 0.000000 430.382812 143.418750
40 177.000000 0.000000 411.257812 139.518750
41 180.000000 0.000000 414.609375 142.462500
42 177.000000 0.000000 424.324219 137.428125
43 180.000000 0.000000 423.632812 141.018750
44 189.000000 0.000000 435.093750 149.625000
45 184.453125 0.260989 432.656250 144.740625
46 182.390625 0.826650 424.851562 143.596875
47 186.000000 0.000000 431.507812 146.718750
48 180.093750 0.363092 420.445312 141.637500
49 180.515625 0.712438 422.390625 141.815625
50 183.000000 0.000000 436.627232 142.419643
51 186.000000 0.000000 433.500000 146.400000
52 177.515625 0.805105 422.203125 138.365625
53 177.000000 0.000000 417.585938 138.506250
54 174.000000 0.000000 419.390625 134.737500
55 178.171875 0.724670 424.851562 138.703125
56 187.593750 0.363092 432.750000 148.368750
57 181.921875 0.674414 417.937500 144.159375
58 183.000000 0.000000 422.765625 144.637500
59 185.953125 0.260989 428.062500 147.215625
60 185.484375 7.392442 420.203835 147.929261
61 183.000000 0.000000 417.257812 145.518750
62 183.000000 0.000000 430.500000 143.400000
63 183.093750 0.363092 425.671875 144.281250
64 171.662500 2.466589 419.381250 132.027500
65 177.000000 0.000000 418.406250 138.375000
66 171.500000 0.000000 422.906250 131.275000
67 177.140625 0.437221 419.367188 138.384375
68 180.193548 0.502853 -nan -nan
69 180.000000 0.000000 427.617188 140.381250
70 183.000000 0.000000 430.382812 143.418750
71 183.046875 0.260989 435.351562 142.678125
